main.c:192:5:main	200	static
main.c:540:6:SystemClock_Config	88	static
main.c:585:13:MX_ADC1_Init	24	static
main.c:635:13:MX_ADC2_Init	24	static
main.c:685:13:MX_TIM1_Init	96	static
main.c:768:13:MX_TIM2_Init	48	static
main.c:821:13:MX_USART1_UART_Init	8	static
main.c:852:13:MX_DMA_Init	16	static
main.c:870:13:MX_GPIO_Init	48	static
main.c:928:6:drive_right	16	static
main.c:940:6:drive_left	16	static
main.c:951:6:brake_push	16	static
main.c:962:6:brake_pull	16	static
main.c:973:6:map	24	static
main.c:982:7:PID_update	32	static
main.c:1043:6:PID_init	16	static
main.c:1058:6:HAL_ADC_ConvCpltCallback	16	static
main.c:1090:6:HAL_UART_RxCpltCallback	24	static
main.c:1135:5:parse_velocity_cmd	16	static
main.c:1159:6:accelerate	16	static
main.c:1171:6:Error_Handler	4	static,ignoring_inline_asm
